// Jest Snapshot v1, https://goo.gl/fbAQLP

exports[`LogInPage should render login input forms 1`] = `
<div>
  <form
    onSubmit={[Function]}
  >
    <label>
      Username:
      <input
        onChange={[Function]}
        type="text"
        value=""
      />
    </label>
    <label>
      Password:
      <input
        onChange={[Function]}
        type="text"
        value=""
      />
    </label>
    <input
      type="submit"
      value="Login"
    />
  </form>
</div>
`;
